
Start-Date: 2026-09-05  12:55:24
Commandline: apt-get install --reinstall apt
Reinstall: apt:amd64 (2.7.14build2)
End-Date: 2026-09-05  12:55:25

Start-Date: 2026-09-05  12:55:28
Commandline: apt-get install --reinstall base-files
Reinstall: base-files:amd64 (13ubuntu10)
End-Date: 2026-09-05  12:55:30

Start-Date: 2026-09-05  12:55:32
Commandline: apt-get install --reinstall base-passwd
Reinstall: base-passwd:amd64 (3.6.3build1)
End-Date: 2026-09-05  12:55:34

Start-Date: 2026-09-05  12:55:37
Commandline: apt-get install --reinstall bash
Reinstall: bash:amd64 (5.2.21-2ubuntu4)
End-Date: 2026-09-05  12:55:38

Start-Date: 2026-09-05  12:55:41
Commandline: apt-get install --reinstall bsdutils
Reinstall: bsdutils:amd64 (1:2.39.3-9ubuntu6)
End-Date: 2026-09-05  12:55:43

Start-Date: 2026-09-05  12:55:45
Commandline: apt-get install --reinstall coreutils
Reinstall: coreutils:amd64 (9.4-3ubuntu6)
End-Date: 2026-09-05  12:55:47

Start-Date: 2026-09-05  12:55:49
Commandline: apt-get install --reinstall dash
Reinstall: dash:amd64 (0.5.12-6ubuntu5)
End-Date: 2026-09-05  12:55:51

Start-Date: 2026-09-05  12:55:54
Commandline: apt-get install --reinstall debconf
Reinstall: debconf:amd64 (1.5.86ubuntu1)
End-Date: 2026-09-05  12:55:55

Start-Date: 2026-09-05  12:55:58
Commandline: apt-get install --reinstall debianutils
Reinstall: debianutils:amd64 (5.17build1)
End-Date: 2026-09-05  12:56:00

Start-Date: 2026-09-05  12:56:02
Commandline: apt-get install --reinstall diffutils
Reinstall: diffutils:amd64 (1:3.10-1build1)
End-Date: 2026-09-05  12:56:04

Start-Date: 2026-09-05  12:56:07
Commandline: apt-get install --reinstall dpkg
Reinstall: dpkg:amd64 (1.22.6ubuntu6)
End-Date: 2026-09-05  12:56:08

Start-Date: 2026-09-05  12:56:11
Commandline: apt-get install --reinstall e2fsprogs
Reinstall: e2fsprogs:amd64 (1.47.0-2.4~exp1ubuntu4)
End-Date: 2026-09-05  12:56:12

Start-Date: 2026-09-05  12:56:15
Commandline: apt-get install --reinstall findutils
Reinstall: findutils:amd64 (4.9.0-5build1)
End-Date: 2026-09-05  12:56:17

Start-Date: 2026-09-05  12:56:19
Commandline: apt-get install --reinstall gcc-14-base:amd64
Reinstall: gcc-14-base:amd64 (14-20240412-0ubuntu1)
End-Date: 2026-09-05  12:56:21

Start-Date: 2026-09-05  12:56:24
Commandline: apt-get install --reinstall gpgv
Reinstall: gpgv:amd64 (2.4.4-2ubuntu17)
End-Date: 2026-09-05  12:56:25

Start-Date: 2026-09-05  12:56:28
Commandline: apt-get install --reinstall grep
Reinstall: grep:amd64 (3.11-4build1)
End-Date: 2026-09-05  12:56:29

Start-Date: 2026-09-05  12:56:32
Commandline: apt-get install --reinstall gzip
Reinstall: gzip:amd64 (1.12-1ubuntu3)
End-Date: 2026-09-05  12:56:34

Start-Date: 2026-09-05  12:56:36
Commandline: apt-get install --reinstall hostname
Reinstall: hostname:amd64 (3.23+nmu2ubuntu2)
End-Date: 2026-09-05  12:56:38

Start-Date: 2026-09-05  12:56:40
Commandline: apt-get install --reinstall init-system-helpers
Reinstall: init-system-helpers:amd64 (1.66ubuntu1)
End-Date: 2026-09-05  12:56:42

Start-Date: 2026-09-05  12:56:45
Commandline: apt-get install --reinstall libacl1:amd64
Reinstall: libacl1:amd64 (2.3.2-1build1)
End-Date: 2026-09-05  12:56:46

Start-Date: 2026-09-05  12:56:49
Commandline: apt-get install --reinstall libapt-pkg6.0t64:amd64
Reinstall: libapt-pkg6.0t64:amd64 (2.7.14build2)
End-Date: 2026-09-05  12:56:50

Start-Date: 2026-09-05  12:56:53
Commandline: apt-get install --reinstall libassuan0:amd64
Reinstall: libassuan0:amd64 (2.5.6-1build1)
End-Date: 2026-09-05  12:56:55

Start-Date: 2026-09-05  12:56:57
Commandline: apt-get install --reinstall libattr1:amd64
Reinstall: libattr1:amd64 (1:2.5.2-1build1)
End-Date: 2026-09-05  12:56:59

Start-Date: 2026-09-05  12:57:02
Commandline: apt-get install --reinstall libaudit-common
Reinstall: libaudit-common:amd64 (1:3.1.2-2.1build1)
End-Date: 2026-09-05  12:57:03

Start-Date: 2026-09-05  12:57:06
Commandline: apt-get install --reinstall libaudit1:amd64
Reinstall: libaudit1:amd64 (1:3.1.2-2.1build1)
End-Date: 2026-09-05  12:57:07

Start-Date: 2026-09-05  12:57:10
Commandline: apt-get install --reinstall libblkid1:amd64
Reinstall: libblkid1:amd64 (2.39.3-9ubuntu6)
End-Date: 2026-09-05  12:57:11

Start-Date: 2026-09-05  12:57:14
Commandline: apt-get install --reinstall libbz2-1.0:amd64
Reinstall: libbz2-1.0:amd64 (1.0.8-5.1)
End-Date: 2026-09-05  12:57:16

Start-Date: 2026-09-05  12:57:18
Commandline: apt-get install --reinstall libc-bin
Reinstall: libc-bin:amd64 (2.39-0ubuntu8)
End-Date: 2026-09-05  12:57:20

Start-Date: 2026-09-05  12:57:23
Commandline: apt-get install --reinstall libc6:amd64
Reinstall: libc6:amd64 (2.39-0ubuntu8)
End-Date: 2026-09-05  12:57:26

Start-Date: 2026-09-05  12:57:28
Commandline: apt-get install --reinstall libcap-ng0:amd64
Reinstall: libcap-ng0:amd64 (0.8.4-2build2)
End-Date: 2026-09-05  12:57:30

Start-Date: 2026-09-05  12:57:33
Commandline: apt-get install --reinstall libcap2:amd64
Reinstall: libcap2:amd64 (1:2.66-5ubuntu2)
End-Date: 2026-09-05  12:57:34

Start-Date: 2026-09-05  12:57:37
Commandline: apt-get install --reinstall libcom-err2:amd64
Reinstall: libcom-err2:amd64 (1.47.0-2.4~exp1ubuntu4)
End-Date: 2026-09-05  12:57:38

Start-Date: 2026-09-05  12:57:41
Commandline: apt-get install --reinstall libcrypt1:amd64
Reinstall: libcrypt1:amd64 (1:4.4.36-4build1)
End-Date: 2026-09-05  12:57:42

Start-Date: 2026-09-05  12:57:45
Commandline: apt-get install --reinstall libdebconfclient0:amd64
Reinstall: libdebconfclient0:amd64 (0.271ubuntu3)
End-Date: 2026-09-05  12:57:46

Start-Date: 2026-09-05  12:57:49
Commandline: apt-get install --reinstall libext2fs2t64:amd64
Reinstall: libext2fs2t64:amd64 (1.47.0-2.4~exp1ubuntu4)
End-Date: 2026-09-05  12:57:50

Start-Date: 2026-09-05  12:57:53
Commandline: apt-get install --reinstall libffi8:amd64
Reinstall: libffi8:amd64 (3.4.6-1build1)
End-Date: 2026-09-05  12:57:54

Start-Date: 2026-09-05  12:57:57
Commandline: apt-get install --reinstall libgcc-s1:amd64
Reinstall: libgcc-s1:amd64 (14-20240412-0ubuntu1)
End-Date: 2026-09-05  12:57:59

Start-Date: 2026-09-05  12:58:01
Commandline: apt-get install --reinstall libgcrypt20:amd64
Reinstall: libgcrypt20:amd64 (1.10.3-2build1)
End-Date: 2026-09-05  12:58:03

Start-Date: 2026-09-05  12:58:06
Commandline: apt-get install --reinstall libgmp10:amd64
Reinstall: libgmp10:amd64 (2:6.3.0+dfsg-2ubuntu6)
End-Date: 2026-09-05  12:58:07

Start-Date: 2026-09-05  12:58:10
Commandline: apt-get install --reinstall libgnutls30t64:amd64
Reinstall: libgnutls30t64:amd64 (3.8.3-1.1ubuntu3)
End-Date: 2026-09-05  12:58:11

Start-Date: 2026-09-05  12:58:14
Commandline: apt-get install --reinstall libgpg-error0:amd64
Reinstall: libgpg-error0:amd64 (1.47-3build2)
End-Date: 2026-09-05  12:58:16

Start-Date: 2026-09-05  12:58:18
Commandline: apt-get install --reinstall libhogweed6t64:amd64
Reinstall: libhogweed6t64:amd64 (3.9.1-2.2build1)
End-Date: 2026-09-05  12:58:20

Start-Date: 2026-09-05  12:58:22
Commandline: apt-get install --reinstall libidn2-0:amd64
Reinstall: libidn2-0:amd64 (2.3.7-2build1)
End-Date: 2026-09-05  12:58:24

Start-Date: 2026-09-05  12:58:27
Commandline: apt-get install --reinstall liblz4-1:amd64
Reinstall: liblz4-1:amd64 (1.9.4-1build1)
End-Date: 2026-09-05  12:58:28

Start-Date: 2026-09-05  12:58:31
Commandline: apt-get install --reinstall liblzma5:amd64
Reinstall: liblzma5:amd64 (5.6.1+really5.4.5-1)
End-Date: 2026-09-05  12:58:32

Start-Date: 2026-09-05  12:58:35
Commandline: apt-get install --reinstall libmd0:amd64
Reinstall: libmd0:amd64 (1.1.0-2build1)
End-Date: 2026-09-05  12:58:37

Start-Date: 2026-09-05  12:58:39
Commandline: apt-get install --reinstall libmount1:amd64
Reinstall: libmount1:amd64 (2.39.3-9ubuntu6)
End-Date: 2026-09-05  12:58:41

Start-Date: 2026-09-05  12:58:43
Commandline: apt-get install --reinstall libncursesw6:amd64
Reinstall: libncursesw6:amd64 (6.4+20240113-1ubuntu2)
End-Date: 2026-09-05  12:58:45

Start-Date: 2026-09-05  12:58:47
Commandline: apt-get install --reinstall libnettle8t64:amd64
Reinstall: libnettle8t64:amd64 (3.9.1-2.2build1)
End-Date: 2026-09-05  12:58:49

Start-Date: 2026-09-05  12:58:52
Commandline: apt-get install --reinstall libnpth0t64:amd64
Reinstall: libnpth0t64:amd64 (1.6-3.1build1)
End-Date: 2026-09-05  12:58:53

Start-Date: 2026-09-05  12:58:56
Commandline: apt-get install --reinstall libp11-kit0:amd64
Reinstall: libp11-kit0:amd64 (0.25.3-4ubuntu2)
End-Date: 2026-09-05  12:58:57

Start-Date: 2026-09-05  12:59:00
Commandline: apt-get install --reinstall libpam-modules:amd64
Reinstall: libpam-modules:amd64 (1.5.3-5ubuntu5)
End-Date: 2026-09-05  12:59:02

Start-Date: 2026-09-05  12:59:04
Commandline: apt-get install --reinstall libpam-modules-bin
Reinstall: libpam-modules-bin:amd64 (1.5.3-5ubuntu5)
End-Date: 2026-09-05  12:59:06

Start-Date: 2026-09-05  12:59:09
Commandline: apt-get install --reinstall libpam-runtime
Reinstall: libpam-runtime:amd64 (1.5.3-5ubuntu5)
End-Date: 2026-09-05  12:59:10

Start-Date: 2026-09-05  12:59:13
Commandline: apt-get install --reinstall libpam0g:amd64
Reinstall: libpam0g:amd64 (1.5.3-5ubuntu5)
End-Date: 2026-09-05  12:59:14

Start-Date: 2026-09-05  12:59:17
Commandline: apt-get install --reinstall libpcre2-8-0:amd64
Reinstall: libpcre2-8-0:amd64 (10.42-4ubuntu2)
End-Date: 2026-09-05  12:59:19

Start-Date: 2026-09-05  12:59:21
Commandline: apt-get install --reinstall libproc2-0:amd64
Reinstall: libproc2-0:amd64 (2:4.0.4-4ubuntu3)
End-Date: 2026-09-05  12:59:22

Start-Date: 2026-09-05  12:59:25
Commandline: apt-get install --reinstall libseccomp2:amd64
Reinstall: libseccomp2:amd64 (2.5.5-1ubuntu3)
End-Date: 2026-09-05  12:59:27

Start-Date: 2026-09-05  12:59:29
Commandline: apt-get install --reinstall libselinux1:amd64
Reinstall: libselinux1:amd64 (3.5-2ubuntu2)
End-Date: 2026-09-05  12:59:31

Start-Date: 2026-09-05  12:59:34
Commandline: apt-get install --reinstall libsemanage-common
Reinstall: libsemanage-common:amd64 (3.5-1build5)
End-Date: 2026-09-05  12:59:35

Start-Date: 2026-09-05  12:59:37
Commandline: apt-get install --reinstall libsemanage2:amd64
Reinstall: libsemanage2:amd64 (3.5-1build5)
End-Date: 2026-09-05  12:59:39

Start-Date: 2026-09-05  12:59:41
Commandline: apt-get install --reinstall libsepol2:amd64
Reinstall: libsepol2:amd64 (3.5-2build1)
End-Date: 2026-09-05  12:59:43

Start-Date: 2026-09-05  12:59:45
Commandline: apt-get install --reinstall libsmartcols1:amd64
Reinstall: libsmartcols1:amd64 (2.39.3-9ubuntu6)
End-Date: 2026-09-05  12:59:47

Start-Date: 2026-09-05  12:59:49
Commandline: apt-get install --reinstall libss2:amd64
Reinstall: libss2:amd64 (1.47.0-2.4~exp1ubuntu4)
End-Date: 2026-09-05  12:59:51

Start-Date: 2026-09-05  12:59:53
Commandline: apt-get install --reinstall libssl3t64:amd64
Reinstall: libssl3t64:amd64 (3.0.13-0ubuntu3)
End-Date: 2026-09-05  12:59:55

Start-Date: 2026-09-05  12:59:58
Commandline: apt-get install --reinstall libstdc++6:amd64
Reinstall: libstdc++6:amd64 (14-20240412-0ubuntu1)
End-Date: 2026-09-05  12:59:59

Start-Date: 2026-09-05  13:00:02
Commandline: apt-get install --reinstall libsystemd0:amd64
Reinstall: libsystemd0:amd64 (255.4-1ubuntu8)
End-Date: 2026-09-05  13:00:04

Start-Date: 2026-09-05  13:00:06
Commandline: apt-get install --reinstall libtasn1-6:amd64
Reinstall: libtasn1-6:amd64 (4.19.0-3build1)
End-Date: 2026-09-05  13:00:08

Start-Date: 2026-09-05  13:00:10
Commandline: apt-get install --reinstall libtinfo6:amd64
Reinstall: libtinfo6:amd64 (6.4+20240113-1ubuntu2)
End-Date: 2026-09-05  13:00:12

Start-Date: 2026-09-05  13:00:15
Commandline: apt-get install --reinstall libudev1:amd64
Reinstall: libudev1:amd64 (255.4-1ubuntu8)
End-Date: 2026-09-05  13:00:16

Start-Date: 2026-09-05  13:00:19
Commandline: apt-get install --reinstall libunistring5:amd64
Reinstall: libunistring5:amd64 (1.1-2build1)
End-Date: 2026-09-05  13:00:20

Start-Date: 2026-09-05  13:00:23
Commandline: apt-get install --reinstall libuuid1:amd64
Reinstall: libuuid1:amd64 (2.39.3-9ubuntu6)
End-Date: 2026-09-05  13:00:25

Start-Date: 2026-09-05  13:00:27
Commandline: apt-get install --reinstall libxxhash0:amd64
Reinstall: libxxhash0:amd64 (0.8.2-2build1)
End-Date: 2026-09-05  13:00:29

Start-Date: 2026-09-05  13:00:32
Commandline: apt-get install --reinstall libzstd1:amd64
Reinstall: libzstd1:amd64 (1.5.5+dfsg2-2build1)
End-Date: 2026-09-05  13:00:33

Start-Date: 2026-09-05  13:00:36
Commandline: apt-get install --reinstall login
Reinstall: login:amd64 (1:4.13+dfsg1-4ubuntu3)
End-Date: 2026-09-05  13:00:37

Start-Date: 2026-09-05  13:00:40
Commandline: apt-get install --reinstall logsave
Reinstall: logsave:amd64 (1.47.0-2.4~exp1ubuntu4)
End-Date: 2026-09-05  13:00:41

Start-Date: 2026-09-05  13:00:44
Commandline: apt-get install --reinstall mawk
Reinstall: mawk:amd64 (1.3.4.20240123-1build1)
End-Date: 2026-09-05  13:00:45

Start-Date: 2026-09-05  13:00:48
Commandline: apt-get install --reinstall mount
Reinstall: mount:amd64 (2.39.3-9ubuntu6)
End-Date: 2026-09-05  13:00:49

Start-Date: 2026-09-05  13:00:52
Commandline: apt-get install --reinstall ncurses-base
Reinstall: ncurses-base:amd64 (6.4+20240113-1ubuntu2)
End-Date: 2026-09-05  13:00:53

Start-Date: 2026-09-05  13:00:56
Commandline: apt-get install --reinstall ncurses-bin
Reinstall: ncurses-bin:amd64 (6.4+20240113-1ubuntu2)
End-Date: 2026-09-05  13:00:57

Start-Date: 2026-09-05  13:01:00
Commandline: apt-get install --reinstall passwd
Reinstall: passwd:amd64 (1:4.13+dfsg1-4ubuntu3)
End-Date: 2026-09-05  13:01:01

Start-Date: 2026-09-05  13:01:04
Commandline: apt-get install --reinstall perl-base
Reinstall: perl-base:amd64 (5.38.2-3.2build2)
End-Date: 2026-09-05  13:01:06

Start-Date: 2026-09-05  13:01:09
Commandline: apt-get install --reinstall procps
Reinstall: procps:amd64 (2:4.0.4-4ubuntu3)
End-Date: 2026-09-05  13:01:10

Start-Date: 2026-09-05  13:01:13
Commandline: apt-get install --reinstall sed
Reinstall: sed:amd64 (4.9-2build1)
End-Date: 2026-09-05  13:01:14

Start-Date: 2026-09-05  13:01:17
Commandline: apt-get install --reinstall sensible-utils
Reinstall: sensible-utils:amd64 (0.0.22)
End-Date: 2026-09-05  13:01:18

Start-Date: 2026-09-05  13:01:21
Commandline: apt-get install --reinstall sysvinit-utils
Reinstall: sysvinit-utils:amd64 (3.08-6ubuntu3)
End-Date: 2026-09-05  13:01:22

Start-Date: 2026-09-05  13:01:25
Commandline: apt-get install --reinstall tar
Reinstall: tar:amd64 (1.35+dfsg-3build1)
End-Date: 2026-09-05  13:01:27

Start-Date: 2026-09-05  13:01:29
Commandline: apt-get install --reinstall ubuntu-keyring
Reinstall: ubuntu-keyring:amd64 (2023.11.28.1)
End-Date: 2026-09-05  13:01:31

Start-Date: 2026-09-05  13:01:33
Commandline: apt-get install --reinstall util-linux
Reinstall: util-linux:amd64 (2.39.3-9ubuntu6)
End-Date: 2026-09-05  13:01:35

Start-Date: 2026-09-05  13:01:38
Commandline: apt-get install --reinstall zlib1g:amd64
Reinstall: zlib1g:amd64 (1:1.3.dfsg-3.1ubuntu2)
End-Date: 2026-09-05  13:01:39

Start-Date: 2026-09-05  13:01:47
Commandline: apt-get --yes -oDebug::pkgDepCache::AutoInstall=yes --no-install-recommends --force-yes upgrade
Upgrade: dpkg:amd64 (1.22.6ubuntu6, 1.22.6ubuntu6.6), libsmartcols1:amd64 (2.39.3-9ubuntu6, 2.39.3-9ubuntu6.6), libpam-runtime:amd64 (1.5.3-5ubuntu5, 1.5.3-5ubuntu5.7), coreutils:amd64 (9.4-3ubuntu6, 9.4-3ubuntu6.3), libaudit-common:amd64 (1:3.1.2-2.1build1, 1:3.1.2-2.1build1.1), apt:amd64 (2.7.14build2, 2.8.3), libacl1:amd64 (2.3.2-1build1, 2.3.2-1build1.1), libtinfo6:amd64 (6.4+20240113-1ubuntu2, 6.4+20240113-1ubuntu2.2), libunistring5:amd64 (1.1-2build1, 1.1-2build1.1), libidn2-0:amd64 (2.3.7-2build1, 2.3.7-2build1.1), libtasn1-6:amd64 (4.19.0-3build1, 4.19.0-3ubuntu0.24.04.2), libselinux1:amd64 (3.5-2ubuntu2, 3.5-2ubuntu2.1), liblzma5:amd64 (5.6.1+really5.4.5-1, 5.6.1+really5.4.5-1ubuntu0.3), sed:amd64 (4.9-2build1, 4.9-2ubuntu0.24.04.1), libhogweed6t64:amd64 (3.9.1-2.2build1, 3.9.1-2.2build1.1), tar:amd64 (1.35+dfsg-3build1, 1.35+dfsg-3ubuntu0.4), libext2fs2t64:amd64 (1.47.0-2.4~exp1ubuntu4, 1.47.0-2.4~exp1ubuntu4.1), libp11-kit0:amd64 (0.25.3-4ubuntu2, 0.25.3-4ubuntu2.2), libproc2-0:amd64 (2:4.0.4-4ubuntu3, 2:4.0.4-4ubuntu3.3), libsystemd0:amd64 (255.4-1ubuntu8, 255.4-1ubuntu8.17), libmount1:amd64 (2.39.3-9ubuntu6, 2.39.3-9ubuntu6.6), libzstd1:amd64 (1.5.5+dfsg2-2build1, 1.5.5+dfsg2-2build1.1), util-linux:amd64 (2.39.3-9ubuntu6, 2.39.3-9ubuntu6.6), libudev1:amd64 (255.4-1ubuntu8, 255.4-1ubuntu8.17), libgpg-error0:amd64 (1.47-3build2, 1.47-3build2.1), libnettle8t64:amd64 (3.9.1-2.2build1, 3.9.1-2.2build1.1), libcom-err2:amd64 (1.47.0-2.4~exp1ubuntu4, 1.47.0-2.4~exp1ubuntu4.1), diffutils:amd64 (1:3.10-1build1, 1:3.10-1ubuntu0.1), libcap2:amd64 (1:2.66-5ubuntu2, 1:2.66-5ubuntu2.4), libc6:amd64 (2.39-0ubuntu8, 2.39-0ubuntu8.8), libuuid1:amd64 (2.39.3-9ubuntu6, 2.39.3-9ubuntu6.6), gpgv:amd64 (2.4.4-2ubuntu17, 2.4.4-2ubuntu17.6), libgcrypt20:amd64 (1.10.3-2build1, 1.10.3-2ubuntu0.2), base-files:amd64 (13ubuntu10, 13ubuntu10.4), ncurses-base:amd64 (6.4+20240113-1ubuntu2, 6.4+20240113-1ubuntu2.2), gzip:amd64 (1.12-1ubuntu3, 1.12-1ubuntu3.2), login:amd64 (1:4.13+dfsg1-4ubuntu3, 1:4.13+dfsg1-4ubuntu3.2), libgmp10:amd64 (2:6.3.0+dfsg-2ubuntu6, 2:6.3.0+dfsg-2ubuntu6.1), libpcre2-8-0:amd64 (10.42-4ubuntu2, 10.42-4ubuntu2.1), libseccomp2:amd64 (2.5.5-1ubuntu3, 2.5.5-1ubuntu3.1), procps:amd64 (2:4.0.4-4ubuntu3, 2:4.0.4-4ubuntu3.3), libapt-pkg6.0t64:amd64 (2.7.14build2, 2.8.3), mount:amd64 (2.39.3-9ubuntu6, 2.39.3-9ubuntu6.6), perl-base:amd64 (5.38.2-3.2build2, 5.38.2-3.2ubuntu0.4), libpam0g:amd64 (1.5.3-5ubuntu5, 1.5.3-5ubuntu5.7), libc-bin:amd64 (2.39-0ubuntu8, 2.39-0ubuntu8.8), libattr1:amd64 (1:2.5.2-1build1, 1:2.5.2-1ubuntu0.1), libaudit1:amd64 (1:3.1.2-2.1build1, 1:3.1.2-2.1build1.1), libssl3t64:amd64 (3.0.13-0ubuntu3, 3.0.13-0ubuntu3.15), libgnutls30t64:amd64 (3.8.3-1.1ubuntu3, 3.8.3-1.1ubuntu3.6), libblkid1:amd64 (2.39.3-9ubuntu6, 2.39.3-9ubuntu6.6), logsave:amd64 (1.47.0-2.4~exp1ubuntu4, 1.47.0-2.4~exp1ubuntu4.1), liblz4-1:amd64 (1.9.4-1build1, 1.9.4-1build1.1), libncursesw6:amd64 (6.4+20240113-1ubuntu2, 6.4+20240113-1ubuntu2.2), ncurses-bin:amd64 (6.4+20240113-1ubuntu2, 6.4+20240113-1ubuntu2.2), libbz2-1.0:amd64 (1.0.8-5.1, 1.0.8-5.1ubuntu0.1), zlib1g:amd64 (1:1.3.dfsg-3.1ubuntu2, 1:1.3.dfsg-3.1ubuntu2.2), libmd0:amd64 (1.1.0-2build1, 1.1.0-2build1.1), bsdutils:amd64 (1:2.39.3-9ubuntu6, 1:2.39.3-9ubuntu6.6), libss2:amd64 (1.47.0-2.4~exp1ubuntu4, 1.47.0-2.4~exp1ubuntu4.1), libstdc++6:amd64 (14-20240412-0ubuntu1, 14.2.0-4ubuntu2~24.04.1), e2fsprogs:amd64 (1.47.0-2.4~exp1ubuntu4, 1.47.0-2.4~exp1ubuntu4.1), passwd:amd64 (1:4.13+dfsg1-4ubuntu3, 1:4.13+dfsg1-4ubuntu3.2), gcc-14-base:amd64 (14-20240412-0ubuntu1, 14.2.0-4ubuntu2~24.04.1), libgcc-s1:amd64 (14-20240412-0ubuntu1, 14.2.0-4ubuntu2~24.04.1)
End-Date: 2026-09-05  13:01:53

Start-Date: 2026-09-05  13:01:55
Commandline: apt-get --yes -oDebug::pkgDepCache::AutoInstall=yes --no-install-recommends --force-yes dist-upgrade
Install: libdb5.3t64:amd64 (5.3.28+dfsg2-7, automatic)
Upgrade: libpam-modules:amd64 (1.5.3-5ubuntu5, 1.5.3-5ubuntu5.7), libpam-modules-bin:amd64 (1.5.3-5ubuntu5, 1.5.3-5ubuntu5.7)
End-Date: 2026-09-05  13:01:55

Start-Date: 2026-09-05  13:01:56
Commandline: apt-get --yes -oDebug::pkgDepCache::AutoInstall=yes --no-install-recommends install unminimize
Install: unminimize:amd64 (0.2.1)
End-Date: 2026-09-05  13:01:56

Start-Date: 2026-09-14  04:54:55
Commandline: apt-get upgrade -y
Upgrade: libc6:amd64 (2.39-0ubuntu8.8, 2.39-0ubuntu8.9), base-files:amd64 (13ubuntu10.4, 13ubuntu10.5), libc-bin:amd64 (2.39-0ubuntu8.8, 2.39-0ubuntu8.9)
End-Date: 2026-09-14  04:54:58
