
Running `/sbin/apk upgrade --no-cache` at 2026-09-02 09:04:09
apk-tools 3.0.6-r0, compiled for x86_64.
Preupgrading:
(1/2) Upgrading libapk (3.0.6-r0 -> 3.0.8-r0)
(2/2) Upgrading apk-tools (3.0.6-r0 -> 3.0.8-r0)
Executing busybox-1.37.0-r31.trigger
Continuing with the main upgrade transaction:

Running `/sbin/apk upgrade --no-cache --no-self-upgrade` at 2026-09-02 09:04:09
apk-tools 3.0.8-r0, compiled for x86_64.
(1/2) Upgrading libcrypto3 (3.5.7-r0 -> 3.5.8-r0)
(2/2) Upgrading libssl3 (3.5.7-r0 -> 3.5.8-r0)
OK: 8200 KiB in 16 packages

Running `/sbin/apk add --no-cache brotli-libs libssh2 nghttp2 libidn2 krb5 libpsl zstd` at 2026-09-02 09:04:10
apk-tools 3.0.8-r0, compiled for x86_64.
( 1/20) Installing brotli-libs (1.2.0-r1)
( 2/20) Installing krb5-conf (1.0-r2)
( 3/20) Installing libcom_err (1.47.4-r0)
( 4/20) Installing keyutils-libs (1.6.3-r4)
( 5/20) Installing libverto (0.3.2-r2)
( 6/20) Installing krb5-libs (1.22.2-r1)
( 7/20) Installing e2fsprogs-libs (1.47.4-r0)
( 8/20) Installing krb5 (1.22.2-r1)
( 9/20) Installing libunistring (1.4.2-r0)
(10/20) Installing libidn2 (2.3.8-r0)
(11/20) Installing libpsl (0.21.5-r3)
(12/20) Installing libssh2 (1.11.1-r3)
(13/20) Installing c-ares (1.34.8-r0)
(14/20) Installing libev (4.33-r1)
(15/20) Installing libgcc (15.2.0-r5)
(16/20) Installing nghttp2-libs (1.69.0-r0)
(17/20) Installing libstdc++ (15.2.0-r5)
(18/20) Installing nghttp2 (1.69.0-r0)
(19/20) Installing zstd-libs (1.5.7-r2)
(20/20) Installing zstd (1.5.7-r2)
Executing busybox-1.37.0-r31.trigger
OK: 19.1 MiB in 36 packages
